I'm sorry, but errors were detected in your script. Please correct the
errors listed below, and try again.


File "game/script.rpy", line 902: Line is indented, but the preceding say statement statement does not expect a block. Please check this line's indentation.
    "Yes":
    ^

Ren'Py Version: Ren'Py 7.4.2.1292
Fri Apr 16 10:50:14 2021
